// Jest Snapshot v1, https://goo.gl/fbAQLP

exports[`Button component specs should display a default button type with a label 1`] = `
<DocumentFragment>
  <button
    class="MuiButtonBase-root MuiButton-root MuiButton-contained MuiButton-containedPrimary"
    tabindex="0"
    type="submit"
  >
    <span
      class="MuiButton-label"
    >
      Click Me
    </span>
    <span
      class="MuiTouchRipple-root"
    />
  </button>
</DocumentFragment>
`;
